[0] = {
  "ProviderType": "72d3fcef-0001-4266-b8dd-d3ed06e35a2b",
  "ContextType": "1b8311d1-09ce-4d9f-a2a5-c885f5763a4a",
  "Context": {
    "BuildConfiguration": "dev",
    "WorkspaceRoot": "<TestRoot>\\hello_world",
    "Profile": "dev",
    "FilePath": "<TestRoot>\\hello_world\\cargo.toml",
    "AdditionalBuildArgs": ""
  },
  "InputFiles": [
    "<TestRoot>\\hello_world\\src\\main.rs"
  ],
  "DisplayName": "dev"
}
[1] = {
  "ProviderType": "72d3fcef-0001-4266-b8dd-d3ed06e35a2b",
  "ContextType": "1b8311d1-09ce-4d9f-a2a5-c885f5763a4a",
  "Context": {
    "BuildConfiguration": "release",
    "WorkspaceRoot": "<TestRoot>\\hello_world",
    "Profile": "release",
    "FilePath": "<TestRoot>\\hello_world\\cargo.toml",
    "AdditionalBuildArgs": ""
  },
  "InputFiles": [
    "<TestRoot>\\hello_world\\src\\main.rs"
  ],
  "DisplayName": "release"
}
[2] = {
  "ProviderType": "72d3fcef-0001-4266-b8dd-d3ed06e35a2b",
  "ContextType": "1b8311d1-09ce-4d9f-a2a5-c885f5763a4a",
  "Context": {
    "BuildConfiguration": "test",
    "WorkspaceRoot": "<TestRoot>\\hello_world",
    "Profile": "test",
    "FilePath": "<TestRoot>\\hello_world\\cargo.toml",
    "AdditionalBuildArgs": ""
  },
  "InputFiles": [
    "<TestRoot>\\hello_world\\src\\main.rs"
  ],
  "DisplayName": "test"
}
[3] = {
  "ProviderType": "72d3fcef-0001-4266-b8dd-d3ed06e35a2b",
  "ContextType": "1b8311d1-09ce-4d9f-a2a5-c885f5763a4a",
  "Context": {
    "BuildConfiguration": "bench",
    "WorkspaceRoot": "<TestRoot>\\hello_world",
    "Profile": "bench",
    "FilePath": "<TestRoot>\\hello_world\\cargo.toml",
    "AdditionalBuildArgs": ""
  },
  "InputFiles": [
    "<TestRoot>\\hello_world\\src\\main.rs"
  ],
  "DisplayName": "bench"
}
