[0] = {
  "ProviderType": "72d3fcef-0001-4266-b8dd-d3ed06e35a2b",
  "ContextType": "1b8311d1-09ce-4d9f-a2a5-c885f5763a4a",
  "Context": {
    "BuildConfiguration": "dev",
    "WorkspaceRoot": "<TestRoot>\\hello_library",
    "Profile": "dev",
    "FilePath": "<TestRoot>\\hello_library\\cargo.toml",
    "AdditionalBuildArgs": ""
  },
  "InputFiles": [
    "<TestRoot>\\hello_library\\cargo.toml"
  ],
  "DisplayName": "dev"
}
[1] = {
  "ProviderType": "72d3fcef-0001-4266-b8dd-d3ed06e35a2b",
  "ContextType": "1a775558-a872-4a07-8e1f-5103b1105cf3",
  "Context": {
    "BuildConfiguration": "dev",
    "WorkspaceRoot": "<TestRoot>\\hello_library",
    "Profile": "dev",
    "FilePath": "<TestRoot>\\hello_library\\cargo.toml",
    "AdditionalBuildArgs": ""
  },
  "InputFiles": [
    "<TestRoot>\\hello_library\\cargo.toml"
  ],
  "DisplayName": "dev"
}
[2] = {
  "ProviderType": "72d3fcef-0001-4266-b8dd-d3ed06e35a2b",
  "ContextType": "1b8311d1-09ce-4d9f-a2a5-c885f5763a4a",
  "Context": {
    "BuildConfiguration": "release",
    "WorkspaceRoot": "<TestRoot>\\hello_library",
    "Profile": "release",
    "FilePath": "<TestRoot>\\hello_library\\cargo.toml",
    "AdditionalBuildArgs": ""
  },
  "InputFiles": [
    "<TestRoot>\\hello_library\\cargo.toml"
  ],
  "DisplayName": "release"
}
[3] = {
  "ProviderType": "72d3fcef-0001-4266-b8dd-d3ed06e35a2b",
  "ContextType": "1a775558-a872-4a07-8e1f-5103b1105cf3",
  "Context": {
    "BuildConfiguration": "release",
    "WorkspaceRoot": "<TestRoot>\\hello_library",
    "Profile": "release",
    "FilePath": "<TestRoot>\\hello_library\\cargo.toml",
    "AdditionalBuildArgs": ""
  },
  "InputFiles": [
    "<TestRoot>\\hello_library\\cargo.toml"
  ],
  "DisplayName": "release"
}
[4] = {
  "ProviderType": "72d3fcef-0001-4266-b8dd-d3ed06e35a2b",
  "ContextType": "1b8311d1-09ce-4d9f-a2a5-c885f5763a4a",
  "Context": {
    "BuildConfiguration": "test",
    "WorkspaceRoot": "<TestRoot>\\hello_library",
    "Profile": "test",
    "FilePath": "<TestRoot>\\hello_library\\cargo.toml",
    "AdditionalBuildArgs": ""
  },
  "InputFiles": [
    "<TestRoot>\\hello_library\\cargo.toml"
  ],
  "DisplayName": "test"
}
[5] = {
  "ProviderType": "72d3fcef-0001-4266-b8dd-d3ed06e35a2b",
  "ContextType": "1a775558-a872-4a07-8e1f-5103b1105cf3",
  "Context": {
    "BuildConfiguration": "test",
    "WorkspaceRoot": "<TestRoot>\\hello_library",
    "Profile": "test",
    "FilePath": "<TestRoot>\\hello_library\\cargo.toml",
    "AdditionalBuildArgs": ""
  },
  "InputFiles": [
    "<TestRoot>\\hello_library\\cargo.toml"
  ],
  "DisplayName": "test"
}
[6] = {
  "ProviderType": "72d3fcef-0001-4266-b8dd-d3ed06e35a2b",
  "ContextType": "1b8311d1-09ce-4d9f-a2a5-c885f5763a4a",
  "Context": {
    "BuildConfiguration": "bench",
    "WorkspaceRoot": "<TestRoot>\\hello_library",
    "Profile": "bench",
    "FilePath": "<TestRoot>\\hello_library\\cargo.toml",
    "AdditionalBuildArgs": ""
  },
  "InputFiles": [
    "<TestRoot>\\hello_library\\cargo.toml"
  ],
  "DisplayName": "bench"
}
[7] = {
  "ProviderType": "72d3fcef-0001-4266-b8dd-d3ed06e35a2b",
  "ContextType": "1a775558-a872-4a07-8e1f-5103b1105cf3",
  "Context": {
    "BuildConfiguration": "bench",
    "WorkspaceRoot": "<TestRoot>\\hello_library",
    "Profile": "bench",
    "FilePath": "<TestRoot>\\hello_library\\cargo.toml",
    "AdditionalBuildArgs": ""
  },
  "InputFiles": [
    "<TestRoot>\\hello_library\\cargo.toml"
  ],
  "DisplayName": "bench"
}
