[0] = {
  "Type": "55b77c41-9751-433c-9d5f-5e815f152562",
  "Name": "IsDefaultStartupProject",
  "Value": {
    "name": "[bin: \\] bin1.exe",
    "debugType": "native",
    "project": "<TestRoot>\\workspace_mixed\\Cargo.toml",
    "projectTarget": "[bin: \\] bin1.exe",
    "program": "<TestRoot>\\workspace_mixed\\Cargo.toml"
  },
  "Target": null,
  "Context": null
}
[1] = {
  "Type": "ed84fd5a-4ee1-4489-9ddd-1dd46ff97f19",
  "Name": "BuildConfiguration",
  "Value": null,
  "Target": "<TestRoot>\\workspace_mixed\\target\\debug\\bin1.exe",
  "Context": "dev"
}
[2] = {
  "Type": "ed84fd5a-4ee1-4489-9ddd-1dd46ff97f19",
  "Name": "BuildConfiguration",
  "Value": null,
  "Target": "<TestRoot>\\workspace_mixed\\target\\release\\bin1.exe",
  "Context": "release"
}
[3] = {
  "Type": "ed84fd5a-4ee1-4489-9ddd-1dd46ff97f19",
  "Name": "BuildConfiguration",
  "Value": null,
  "Target": "<TestRoot>\\workspace_mixed\\target\\debug\\bin1.exe",
  "Context": "test"
}
[4] = {
  "Type": "ed84fd5a-4ee1-4489-9ddd-1dd46ff97f19",
  "Name": "BuildConfiguration",
  "Value": null,
  "Target": "<TestRoot>\\workspace_mixed\\target\\release\\bin1.exe",
  "Context": "bench"
}
[5] = {
  "Type": "55b77c41-9751-433c-9d5f-5e815f152562",
  "Name": "IsDefaultStartupProject",
  "Value": {
    "name": "[bin: \\] bin2.exe",
    "debugType": "native",
    "project": "<TestRoot>\\workspace_mixed\\Cargo.toml",
    "projectTarget": "[bin: \\] bin2.exe",
    "program": "<TestRoot>\\workspace_mixed\\Cargo.toml"
  },
  "Target": null,
  "Context": null
}
[6] = {
  "Type": "ed84fd5a-4ee1-4489-9ddd-1dd46ff97f19",
  "Name": "BuildConfiguration",
  "Value": null,
  "Target": "<TestRoot>\\workspace_mixed\\target\\debug\\bin2.exe",
  "Context": "dev"
}
[7] = {
  "Type": "ed84fd5a-4ee1-4489-9ddd-1dd46ff97f19",
  "Name": "BuildConfiguration",
  "Value": null,
  "Target": "<TestRoot>\\workspace_mixed\\target\\release\\bin2.exe",
  "Context": "release"
}
[8] = {
  "Type": "ed84fd5a-4ee1-4489-9ddd-1dd46ff97f19",
  "Name": "BuildConfiguration",
  "Value": null,
  "Target": "<TestRoot>\\workspace_mixed\\target\\debug\\bin2.exe",
  "Context": "test"
}
[9] = {
  "Type": "ed84fd5a-4ee1-4489-9ddd-1dd46ff97f19",
  "Name": "BuildConfiguration",
  "Value": null,
  "Target": "<TestRoot>\\workspace_mixed\\target\\release\\bin2.exe",
  "Context": "bench"
}
[10] = {
  "Type": "55b77c41-9751-433c-9d5f-5e815f152562",
  "Name": "IsDefaultStartupProject",
  "Value": {
    "name": "[example: \\] example1.exe",
    "debugType": "native",
    "project": "<TestRoot>\\workspace_mixed\\Cargo.toml",
    "projectTarget": "[example: \\] example1.exe",
    "program": "<TestRoot>\\workspace_mixed\\Cargo.toml"
  },
  "Target": null,
  "Context": null
}
[11] = {
  "Type": "ed84fd5a-4ee1-4489-9ddd-1dd46ff97f19",
  "Name": "BuildConfiguration",
  "Value": null,
  "Target": "<TestRoot>\\workspace_mixed\\target\\debug\\examples\\example1.exe",
  "Context": "dev"
}
[12] = {
  "Type": "ed84fd5a-4ee1-4489-9ddd-1dd46ff97f19",
  "Name": "BuildConfiguration",
  "Value": null,
  "Target": "<TestRoot>\\workspace_mixed\\target\\release\\examples\\example1.exe",
  "Context": "release"
}
[13] = {
  "Type": "ed84fd5a-4ee1-4489-9ddd-1dd46ff97f19",
  "Name": "BuildConfiguration",
  "Value": null,
  "Target": "<TestRoot>\\workspace_mixed\\target\\debug\\examples\\example1.exe",
  "Context": "test"
}
[14] = {
  "Type": "ed84fd5a-4ee1-4489-9ddd-1dd46ff97f19",
  "Name": "BuildConfiguration",
  "Value": null,
  "Target": "<TestRoot>\\workspace_mixed\\target\\release\\examples\\example1.exe",
  "Context": "bench"
}
[15] = {
  "Type": "55b77c41-9751-433c-9d5f-5e815f152562",
  "Name": "IsDefaultStartupProject",
  "Value": {
    "name": "[example: \\] example2.exe",
    "debugType": "native",
    "project": "<TestRoot>\\workspace_mixed\\Cargo.toml",
    "projectTarget": "[example: \\] example2.exe",
    "program": "<TestRoot>\\workspace_mixed\\Cargo.toml"
  },
  "Target": null,
  "Context": null
}
[16] = {
  "Type": "ed84fd5a-4ee1-4489-9ddd-1dd46ff97f19",
  "Name": "BuildConfiguration",
  "Value": null,
  "Target": "<TestRoot>\\workspace_mixed\\target\\debug\\examples\\example2.exe",
  "Context": "dev"
}
[17] = {
  "Type": "ed84fd5a-4ee1-4489-9ddd-1dd46ff97f19",
  "Name": "BuildConfiguration",
  "Value": null,
  "Target": "<TestRoot>\\workspace_mixed\\target\\release\\examples\\example2.exe",
  "Context": "release"
}
[18] = {
  "Type": "ed84fd5a-4ee1-4489-9ddd-1dd46ff97f19",
  "Name": "BuildConfiguration",
  "Value": null,
  "Target": "<TestRoot>\\workspace_mixed\\target\\debug\\examples\\example2.exe",
  "Context": "test"
}
[19] = {
  "Type": "ed84fd5a-4ee1-4489-9ddd-1dd46ff97f19",
  "Name": "BuildConfiguration",
  "Value": null,
  "Target": "<TestRoot>\\workspace_mixed\\target\\release\\examples\\example2.exe",
  "Context": "bench"
}
[20] = {
  "Type": "55b77c41-9751-433c-9d5f-5e815f152562",
  "Name": "IsDefaultStartupProject",
  "Value": {
    "name": "[example: \\] example3.exe",
    "debugType": "native",
    "project": "<TestRoot>\\workspace_mixed\\Cargo.toml",
    "projectTarget": "[example: \\] example3.exe",
    "program": "<TestRoot>\\workspace_mixed\\Cargo.toml"
  },
  "Target": null,
  "Context": null
}
[21] = {
  "Type": "ed84fd5a-4ee1-4489-9ddd-1dd46ff97f19",
  "Name": "BuildConfiguration",
  "Value": null,
  "Target": "<TestRoot>\\workspace_mixed\\target\\debug\\examples\\example3.exe",
  "Context": "dev"
}
[22] = {
  "Type": "ed84fd5a-4ee1-4489-9ddd-1dd46ff97f19",
  "Name": "BuildConfiguration",
  "Value": null,
  "Target": "<TestRoot>\\workspace_mixed\\target\\release\\examples\\example3.exe",
  "Context": "release"
}
[23] = {
  "Type": "ed84fd5a-4ee1-4489-9ddd-1dd46ff97f19",
  "Name": "BuildConfiguration",
  "Value": null,
  "Target": "<TestRoot>\\workspace_mixed\\target\\debug\\examples\\example3.exe",
  "Context": "test"
}
[24] = {
  "Type": "ed84fd5a-4ee1-4489-9ddd-1dd46ff97f19",
  "Name": "BuildConfiguration",
  "Value": null,
  "Target": "<TestRoot>\\workspace_mixed\\target\\release\\examples\\example3.exe",
  "Context": "bench"
}
[25] = {
  "Type": "ed84fd5a-4ee1-4489-9ddd-1dd46ff97f19",
  "Name": "BuildConfiguration",
  "Value": null,
  "Target": null,
  "Context": "dev"
}
[26] = {
  "Type": "ed84fd5a-4ee1-4489-9ddd-1dd46ff97f19",
  "Name": "BuildConfiguration",
  "Value": null,
  "Target": null,
  "Context": "release"
}
[27] = {
  "Type": "ed84fd5a-4ee1-4489-9ddd-1dd46ff97f19",
  "Name": "BuildConfiguration",
  "Value": null,
  "Target": null,
  "Context": "test"
}
[28] = {
  "Type": "ed84fd5a-4ee1-4489-9ddd-1dd46ff97f19",
  "Name": "BuildConfiguration",
  "Value": null,
  "Target": null,
  "Context": "bench"
}
