[
  {
    "Id": "990c634c-378f-43d8-1890-4fa94820013b",
    "FullyQualifiedName": "hello_world.tests.test_requires_foo",
    "DisplayName": "test_requires_foo",
    "ExecutorUri": "executor://RustTestExecutor/v1",
    "Source": "<TestRoot>\\bin_with_example\\target\\debug\\hello_world_hello_world.rusttests",
    "CodeFilePath": "<TestRoot>\\bin_with_example\\src\\main.rs",
    "LineNumber": 34,
    "Properties": []
  }
]