[
  {
    "Id": "5ff35ccc-88d6-2d0a-a511-5ff4cad606f4",
    "FullyQualifiedName": "tests.fibonacci_test.case_1",
    "DisplayName": "case_1",
    "ExecutorUri": "executor://RustTestExecutor/v1",
    "Source": "<TestRoot>\\hello_library\\target\\debug\\hello_lib.rusttests",
    "CodeFilePath": "<TestRoot>\\hello_library\\src\\lib.rs",
    "LineNumber": 32,
    "Properties": []
  },
  {
    "Id": "33b4ed33-6522-4c62-e0d0-4a135cf7ffd1",
    "FullyQualifiedName": "tests.fibonacci_test.case_2",
    "DisplayName": "case_2",
    "ExecutorUri": "executor://RustTestExecutor/v1",
    "Source": "<TestRoot>\\hello_library\\target\\debug\\hello_lib.rusttests",
    "CodeFilePath": "<TestRoot>\\hello_library\\src\\lib.rs",
    "LineNumber": 32,
    "Properties": []
  },
  {
    "Id": "52260409-60fb-d367-3be1-06ed749b9c81",
    "FullyQualifiedName": "tests.fibonacci_test.case_3",
    "DisplayName": "case_3",
    "ExecutorUri": "executor://RustTestExecutor/v1",
    "Source": "<TestRoot>\\hello_library\\target\\debug\\hello_lib.rusttests",
    "CodeFilePath": "<TestRoot>\\hello_library\\src\\lib.rs",
    "LineNumber": 32,
    "Properties": []
  },
  {
    "Id": "893af7cf-18ba-06bc-0644-d46082cf62c4",
    "FullyQualifiedName": "tests.it_works",
    "DisplayName": "it_works",
    "ExecutorUri": "executor://RustTestExecutor/v1",
    "Source": "<TestRoot>\\hello_library\\target\\debug\\hello_lib.rusttests",
    "CodeFilePath": "<TestRoot>\\hello_library\\src\\lib.rs",
    "LineNumber": 17,
    "Properties": []
  },
  {
    "Id": "2866716a-87e0-b3c1-a667-d198fdbf2b7e",
    "FullyQualifiedName": "tests.it_works245_ignored",
    "DisplayName": "it_works245_ignored",
    "ExecutorUri": "executor://RustTestExecutor/v1",
    "Source": "<TestRoot>\\hello_library\\target\\debug\\hello_lib.rusttests",
    "CodeFilePath": "<TestRoot>\\hello_library\\src\\lib.rs",
    "LineNumber": 24,
    "Properties": []
  },
  {
    "Id": "a041eafa-ebc7-a3b6-b070-d7604d2b9e23",
    "FullyQualifiedName": "tests.long_running_test",
    "DisplayName": "long_running_test",
    "ExecutorUri": "executor://RustTestExecutor/v1",
    "Source": "<TestRoot>\\hello_library\\target\\debug\\hello_lib.rusttests",
    "CodeFilePath": "<TestRoot>\\hello_library\\src\\lib.rs",
    "LineNumber": 66,
    "Properties": []
  },
  {
    "Id": "4e27de77-3d2e-8d6e-9f6e-31626a359225",
    "FullyQualifiedName": "tests.multiplication_tests.when_both_operands_are_negative",
    "DisplayName": "when_both_operands_are_negative",
    "ExecutorUri": "executor://RustTestExecutor/v1",
    "Source": "<TestRoot>\\hello_library\\target\\debug\\hello_lib.rusttests",
    "CodeFilePath": "<TestRoot>\\hello_library\\src\\lib.rs",
    "LineNumber": 51,
    "Properties": []
  },
  {
    "Id": "c117cd66-c6a0-9734-b22b-23bdbb21c8d9",
    "FullyQualifiedName": "tests.multiplication_tests.when_both_operands_are_positive",
    "DisplayName": "when_both_operands_are_positive",
    "ExecutorUri": "executor://RustTestExecutor/v1",
    "Source": "<TestRoot>\\hello_library\\target\\debug\\hello_lib.rusttests",
    "CodeFilePath": "<TestRoot>\\hello_library\\src\\lib.rs",
    "LineNumber": 51,
    "Properties": []
  },
  {
    "Id": "cb9c6934-db4b-5d22-5be7-0946c04f5fcd",
    "FullyQualifiedName": "tests.multiplication_tests.when_operands_are_swapped",
    "DisplayName": "when_operands_are_swapped",
    "ExecutorUri": "executor://RustTestExecutor/v1",
    "Source": "<TestRoot>\\hello_library\\target\\debug\\hello_lib.rusttests",
    "CodeFilePath": "<TestRoot>\\hello_library\\src\\lib.rs",
    "LineNumber": 51,
    "Properties": []
  },
  {
    "Id": "f7831d9b-fcf2-d955-c15e-409a6ae16aaa",
    "FullyQualifiedName": "tests.mytest",
    "DisplayName": "mytest",
    "ExecutorUri": "executor://RustTestExecutor/v1",
    "Source": "<TestRoot>\\hello_library\\target\\debug\\hello_lib.rusttests",
    "CodeFilePath": "<TestRoot>\\hello_library\\src\\lib.rs",
    "LineNumber": 61,
    "Properties": []
  },
  {
    "Id": "020c70a3-bb8b-eff2-45c3-0c017d4c69a5",
    "FullyQualifiedName": "tests.should_fail",
    "DisplayName": "should_fail",
    "ExecutorUri": "executor://RustTestExecutor/v1",
    "Source": "<TestRoot>\\hello_library\\target\\debug\\hello_lib.rusttests",
    "CodeFilePath": "<TestRoot>\\hello_library\\src\\lib.rs",
    "LineNumber": 47,
    "Properties": []
  },
  {
    "Id": "2459e866-6faf-59e0-6d59-8a7861f30696",
    "FullyQualifiedName": "tests.should_success",
    "DisplayName": "should_success",
    "ExecutorUri": "executor://RustTestExecutor/v1",
    "Source": "<TestRoot>\\hello_library\\target\\debug\\hello_lib.rusttests",
    "CodeFilePath": "<TestRoot>\\hello_library\\src\\lib.rs",
    "LineNumber": 42,
    "Properties": []
  }
]