[0] = {
  "Message": "   Compiling tera v1.17.1 (https://github.com/rust-lang/crates.io-index)"
}
