[0] = {
  "Message": "   Compiling file:///D:/src/u/rlenvs/client-rust#gymnasium v0.1.0"
}
