[0] = {
  "Message": "   Compiling https://github.com/rust-lang/crates.io-index#futures-util v0.3.30"
}
