{
  "source": "<TestRoot>\\hello_library\\target\\release\\hello_lib_libhello_lib.rusttests",
  "exe": "<TestRoot>\\hello_library\\target\\release\\deps\\hello_lib-d9d78f0fcd1af879.exe",
  "tests": [
    {
      "type": "test",
      "name": "tests::fibonacci_test::case_1",
      "ignore": false,
      "ignore_message": "",
      "source_path": "<TestRoot>\\hello_library\\src\\lib.rs",
      "start_line": 32,
      "start_col": 8,
      "end_line": 32,
      "end_col": 22
    },
    {
      "type": "test",
      "name": "tests::fibonacci_test::case_2",
      "ignore": false,
      "ignore_message": "",
      "source_path": "<TestRoot>\\hello_library\\src\\lib.rs",
      "start_line": 32,
      "start_col": 8,
      "end_line": 32,
      "end_col": 22
    },
    {
      "type": "test",
      "name": "tests::fibonacci_test::case_3",
      "ignore": false,
      "ignore_message": "",
      "source_path": "<TestRoot>\\hello_library\\src\\lib.rs",
      "start_line": 32,
      "start_col": 8,
      "end_line": 32,
      "end_col": 22
    },
    {
      "type": "test",
      "name": "tests::it_works",
      "ignore": false,
      "ignore_message": "",
      "source_path": "<TestRoot>\\hello_library\\src\\lib.rs",
      "start_line": 17,
      "start_col": 8,
      "end_line": 17,
      "end_col": 16
    },
    {
      "type": "test",
      "name": "tests::it_works245_ignored",
      "ignore": true,
      "ignore_message": "ignored for now!",
      "source_path": "<TestRoot>\\hello_library\\src\\lib.rs",
      "start_line": 24,
      "start_col": 8,
      "end_line": 24,
      "end_col": 27
    },
    {
      "type": "test",
      "name": "tests::long_running_test",
      "ignore": false,
      "ignore_message": "",
      "source_path": "<TestRoot>\\hello_library\\src\\lib.rs",
      "start_line": 66,
      "start_col": 8,
      "end_line": 66,
      "end_col": 25
    },
    {
      "type": "test",
      "name": "tests::multiplication_tests::when_both_operands_are_negative",
      "ignore": false,
      "ignore_message": "",
      "source_path": "<TestRoot>\\hello_library\\src\\lib.rs",
      "start_line": 51,
      "start_col": 5,
      "end_line": 51,
      "end_col": 61
    },
    {
      "type": "test",
      "name": "tests::multiplication_tests::when_both_operands_are_positive",
      "ignore": false,
      "ignore_message": "",
      "source_path": "<TestRoot>\\hello_library\\src\\lib.rs",
      "start_line": 51,
      "start_col": 5,
      "end_line": 51,
      "end_col": 61
    },
    {
      "type": "test",
      "name": "tests::multiplication_tests::when_operands_are_swapped",
      "ignore": false,
      "ignore_message": "",
      "source_path": "<TestRoot>\\hello_library\\src\\lib.rs",
      "start_line": 51,
      "start_col": 5,
      "end_line": 51,
      "end_col": 61
    },
    {
      "type": "test",
      "name": "tests::mytest",
      "ignore": false,
      "ignore_message": "",
      "source_path": "<TestRoot>\\hello_library\\src\\lib.rs",
      "start_line": 61,
      "start_col": 8,
      "end_line": 61,
      "end_col": 14
    },
    {
      "type": "test",
      "name": "tests::should_fail",
      "ignore": false,
      "ignore_message": "",
      "source_path": "<TestRoot>\\hello_library\\src\\lib.rs",
      "start_line": 47,
      "start_col": 8,
      "end_line": 47,
      "end_col": 19
    },
    {
      "type": "test",
      "name": "tests::should_success",
      "ignore": false,
      "ignore_message": "",
      "source_path": "<TestRoot>\\hello_library\\src\\lib.rs",
      "start_line": 42,
      "start_col": 8,
      "end_line": 42,
      "end_col": 22
    }
  ]
}