{
  "version": 1,
  "target_directory": "<TestRoot>\\workspace_mixed\\target",
  "workspace_root": "<TestRoot>\\workspace_mixed",
  "packages": [
    {
      "name": "shared",
      "manifest_path": "<TestRoot>\\workspace_mixed\\shared\\Cargo.toml",
      "targets": [
        {
          "name": "shared",
          "src_path": "<TestRoot>\\workspace_mixed\\shared\\src\\lib.rs",
          "kind": [
            "lib"
          ],
          "crate_types": [
            "lib"
          ],
          "TargetFileName": "libshared.rlib",
          "IsRunnable": false,
          "CanHaveTests": true,
          "QualifiedTargetFileName": "[lib: shared\\] libshared.rlib",
          "AdditionalBuildArgs": ""
        },
        {
          "name": "example1",
          "src_path": "<TestRoot>\\workspace_mixed\\shared\\src\\lib.rs",
          "kind": [
            "example"
          ],
          "crate_types": [
            "bin"
          ],
          "TargetFileName": "example1.exe",
          "IsRunnable": true,
          "CanHaveTests": false,
          "QualifiedTargetFileName": "[example: shared\\] example1.exe",
          "AdditionalBuildArgs": "--example \"example1\""
        },
        {
          "name": "bench1",
          "src_path": "<TestRoot>\\workspace_mixed\\shared\\src\\lib.rs",
          "kind": [
            "bench"
          ],
          "crate_types": [
            "bin"
          ],
          "TargetFileName": "bench1.exe",
          "IsRunnable": false,
          "CanHaveTests": false,
          "QualifiedTargetFileName": "[benchmark: shared\\] bench1.exe",
          "AdditionalBuildArgs": ""
        },
        {
          "name": "bench2",
          "src_path": "<TestRoot>\\workspace_mixed\\shared\\src\\lib.rs",
          "kind": [
            "bench"
          ],
          "crate_types": [
            "bin"
          ],
          "TargetFileName": "bench2.exe",
          "IsRunnable": false,
          "CanHaveTests": false,
          "QualifiedTargetFileName": "[benchmark: shared\\] bench2.exe",
          "AdditionalBuildArgs": ""
        }
      ],
      "test_containers": [],
      "WorkspaceRoot": "<TestRoot>\\workspace_mixed",
      "FullPath": "<TestRoot>\\workspace_mixed\\shared\\Cargo.toml",
      "IsPackage": true
    },
    {
      "name": "main",
      "manifest_path": "<TestRoot>\\workspace_mixed\\Cargo.toml",
      "targets": [
        {
          "name": "main",
          "src_path": "<TestRoot>\\workspace_mixed\\src\\libx.rs",
          "kind": [
            "lib"
          ],
          "crate_types": [
            "lib"
          ],
          "TargetFileName": "libmain.rlib",
          "IsRunnable": false,
          "CanHaveTests": true,
          "QualifiedTargetFileName": "[lib: \\] libmain.rlib",
          "AdditionalBuildArgs": ""
        },
        {
          "name": "bin1",
          "src_path": "<TestRoot>\\workspace_mixed\\src\\main.rs",
          "kind": [
            "bin"
          ],
          "crate_types": [
            "bin"
          ],
          "TargetFileName": "bin1.exe",
          "IsRunnable": true,
          "CanHaveTests": true,
          "QualifiedTargetFileName": "[bin: \\] bin1.exe",
          "AdditionalBuildArgs": ""
        },
        {
          "name": "bin2",
          "src_path": "<TestRoot>\\workspace_mixed\\src\\main.rs",
          "kind": [
            "bin"
          ],
          "crate_types": [
            "bin"
          ],
          "TargetFileName": "bin2.exe",
          "IsRunnable": true,
          "CanHaveTests": true,
          "QualifiedTargetFileName": "[bin: \\] bin2.exe",
          "AdditionalBuildArgs": ""
        },
        {
          "name": "example1",
          "src_path": "<TestRoot>\\workspace_mixed\\src\\main.rs",
          "kind": [
            "example"
          ],
          "crate_types": [
            "bin"
          ],
          "TargetFileName": "example1.exe",
          "IsRunnable": true,
          "CanHaveTests": false,
          "QualifiedTargetFileName": "[example: \\] example1.exe",
          "AdditionalBuildArgs": "--example \"example1\""
        },
        {
          "name": "example2",
          "src_path": "<TestRoot>\\workspace_mixed\\src\\main.rs",
          "kind": [
            "example"
          ],
          "crate_types": [
            "bin"
          ],
          "TargetFileName": "example2.exe",
          "IsRunnable": true,
          "CanHaveTests": false,
          "QualifiedTargetFileName": "[example: \\] example2.exe",
          "AdditionalBuildArgs": "--example \"example2\""
        },
        {
          "name": "example3",
          "src_path": "<TestRoot>\\workspace_mixed\\src\\main.rs",
          "kind": [
            "example"
          ],
          "crate_types": [
            "bin"
          ],
          "TargetFileName": "example3.exe",
          "IsRunnable": true,
          "CanHaveTests": false,
          "QualifiedTargetFileName": "[example: \\] example3.exe",
          "AdditionalBuildArgs": "--example \"example3\""
        },
        {
          "name": "test1",
          "src_path": "<TestRoot>\\workspace_mixed\\src\\main.rs",
          "kind": [
            "test"
          ],
          "crate_types": [
            "bin"
          ],
          "TargetFileName": "test1.exe",
          "IsRunnable": false,
          "CanHaveTests": false,
          "QualifiedTargetFileName": "[test: \\] test1.exe",
          "AdditionalBuildArgs": ""
        },
        {
          "name": "test2",
          "src_path": "<TestRoot>\\workspace_mixed\\src\\main.rs",
          "kind": [
            "test"
          ],
          "crate_types": [
            "bin"
          ],
          "TargetFileName": "test2.exe",
          "IsRunnable": false,
          "CanHaveTests": false,
          "QualifiedTargetFileName": "[test: \\] test2.exe",
          "AdditionalBuildArgs": ""
        },
        {
          "name": "bench1",
          "src_path": "<TestRoot>\\workspace_mixed\\src\\main.rs",
          "kind": [
            "bench"
          ],
          "crate_types": [
            "bin"
          ],
          "TargetFileName": "bench1.exe",
          "IsRunnable": false,
          "CanHaveTests": false,
          "QualifiedTargetFileName": "[benchmark: \\] bench1.exe",
          "AdditionalBuildArgs": ""
        }
      ],
      "test_containers": [],
      "WorkspaceRoot": "<TestRoot>\\workspace_mixed",
      "FullPath": "<TestRoot>\\workspace_mixed\\Cargo.toml",
      "IsPackage": true
    }
  ]
}