[
  {
    "Item1": "<TestRoot>\\hello_library\\target\\debug\\hello_lib.rusttests",
    "Item2": {
      "ThisPath": "<TestRoot>\\hello_library\\target\\debug\\hello_lib.rusttests",
      "Manifest": "<TestRoot>\\hello_library\\Cargo.toml",
      "TargetDir": "<TestRoot>\\hello_library\\target",
      "AdditionalTestDiscoveryArguments": "",
      "AdditionalTestExecutionArguments": "",
      "TestExecutionEnvironment": "",
      "Profile": "dev",
      "TestExe": "<not_yet_generated>"
    }
  }
]