[
  {
    "Item1": "<TestRoot>\\workspace_mixed\\target\\debug\\main_bin1.rusttests",
    "Item2": {
      "ThisPath": "<TestRoot>\\workspace_mixed\\target\\debug\\main_bin1.rusttests",
      "Manifest": "<TestRoot>\\workspace_mixed\\Cargo.toml",
      "TargetDir": "<TestRoot>\\workspace_mixed\\target",
      "AdditionalTestDiscoveryArguments": "",
      "AdditionalTestExecutionArguments": "",
      "TestExecutionEnvironment": "",
      "Profile": "dev",
      "TestExes": []
    }
  },
  {
    "Item1": "<TestRoot>\\workspace_mixed\\target\\debug\\main_bin2.rusttests",
    "Item2": {
      "ThisPath": "<TestRoot>\\workspace_mixed\\target\\debug\\main_bin2.rusttests",
      "Manifest": "<TestRoot>\\workspace_mixed\\Cargo.toml",
      "TargetDir": "<TestRoot>\\workspace_mixed\\target",
      "AdditionalTestDiscoveryArguments": "",
      "AdditionalTestExecutionArguments": "",
      "TestExecutionEnvironment": "",
      "Profile": "dev",
      "TestExes": []
    }
  },
  {
    "Item1": "<TestRoot>\\workspace_mixed\\target\\debug\\main_libmain.rusttests",
    "Item2": {
      "ThisPath": "<TestRoot>\\workspace_mixed\\target\\debug\\main_libmain.rusttests",
      "Manifest": "<TestRoot>\\workspace_mixed\\Cargo.toml",
      "TargetDir": "<TestRoot>\\workspace_mixed\\target",
      "AdditionalTestDiscoveryArguments": "",
      "AdditionalTestExecutionArguments": "",
      "TestExecutionEnvironment": "",
      "Profile": "dev",
      "TestExes": []
    }
  },
  {
    "Item1": "<TestRoot>\\workspace_mixed\\target\\debug\\shared_libshared.rusttests",
    "Item2": {
      "ThisPath": "<TestRoot>\\workspace_mixed\\target\\debug\\shared_libshared.rusttests",
      "Manifest": "<TestRoot>\\workspace_mixed\\shared\\Cargo.toml",
      "TargetDir": "<TestRoot>\\workspace_mixed\\target",
      "AdditionalTestDiscoveryArguments": "",
      "AdditionalTestExecutionArguments": "",
      "TestExecutionEnvironment": "",
      "Profile": "dev",
      "TestExes": []
    }
  }
]